app/api/generate/route.ts(3,20): error TS2307: Cannot find module '@/lib/firebase' or its corresponding type declarations.
app/quiz/[id]/page.tsx(6,20): error TS2307: Cannot find module '@/lib/firebase' or its corresponding type declarations.
app/quiz/[id]/page.tsx(7,32): error TS2307: Cannot find module '@/lib/scoring' or its corresponding type declarations.
app/quiz/[id]/results/page.tsx(6,20): error TS2307: Cannot find module '@/lib/firebase' or its corresponding type declarations.
